# local_ollama_paper1ep on bfcl  (mutation=blame, selection=diversity)
# split: train=90 sel=30 test=30 leak=0
gen 0 (epoch 0): parent=init target=planner parent_avg=0.119 child_avg=0.150 ACCEPT | pop=2
gen 1 (epoch 0): parent=init target=selector parent_avg=0.357 child_avg=0.357 reject | pop=2
gen 2 (epoch 0): parent=g0-planner target=planner parent_avg=0.133 child_avg=0.107 reject | pop=2
gen 3 (epoch 0): parent=init target=planner parent_avg=0.133 child_avg=0.140 ACCEPT | pop=3
gen 4 (epoch 0): parent=init target=caller parent_avg=0.096 child_avg=0.096 reject | pop=3
gen 5 (epoch 0): parent=init target=planner parent_avg=0.376 child_avg=0.376 reject | pop=3
gen 6 (epoch 0): parent=init target=planner parent_avg=0.104 child_avg=0.107 ACCEPT | pop=4
gen 7 (epoch 0): parent=g0-planner target=caller parent_avg=0.129 child_avg=0.129 reject | pop=4
gen 8 (epoch 0): parent=init target=caller parent_avg=0.373 child_avg=0.140 reject | pop=4
gen 9 (epoch 0): parent=init target=caller parent_avg=0.617 child_avg=0.617 reject | pop=4
gen 10 (epoch 0): parent=init target=caller parent_avg=0.133 child_avg=0.117 reject | pop=4
gen 11 (epoch 0): parent=g0-planner target=caller parent_avg=0.101 child_avg=0.101 reject | pop=4
gen 12 (epoch 0): parent=init target=planner parent_avg=0.112 child_avg=0.373 ACCEPT | pop=4
gen 13 (epoch 0): parent=g0-planner target=caller parent_avg=0.140 child_avg=0.140 reject | pop=4
gen 14 (epoch 0): parent=init target=selector parent_avg=0.373 child_avg=0.373 reject | pop=4
gen 15 (epoch 0): parent=init target=caller parent_avg=0.150 child_avg=0.150 reject | pop=4
gen 16 (epoch 0): parent=init target=caller parent_avg=0.373 child_avg=0.373 reject | pop=4
gen 17 (epoch 0): parent=g6-planner target=planner parent_avg=0.125 child_avg=0.133 ACCEPT | pop=5
gen 18 (epoch 0): parent=init target=caller parent_avg=0.140 child_avg=0.140 reject | pop=5
gen 19 (epoch 0): parent=init target=planner parent_avg=0.133 child_avg=0.117 reject | pop=5
gen 20 (epoch 0): parent=g0-planner target=caller parent_avg=0.617 child_avg=0.617 reject | pop=5
gen 21 (epoch 0): parent=g0-planner target=caller parent_avg=0.104 child_avg=0.104 reject | pop=5
gen 22 (epoch 0): parent=init target=caller parent_avg=0.140 child_avg=0.140 reject | pop=5
gen 23 (epoch 0): parent=init target=caller parent_avg=0.117 child_avg=0.350 ACCEPT | pop=6
gen 24 (epoch 0): parent=g0-planner target=caller parent_avg=0.123 child_avg=0.123 reject | pop=6
gen 25 (epoch 0): parent=init target=caller parent_avg=0.113 child_avg=0.113 reject | pop=6
gen 26 (epoch 0): parent=init target=caller parent_avg=0.129 child_avg=0.367 ACCEPT | pop=7
gen 27 (epoch 0): parent=g0-planner target=caller parent_avg=0.361 child_avg=0.361 reject | pop=7
gen 28 (epoch 0): parent=g0-planner target=caller parent_avg=0.150 child_avg=0.150 reject | pop=7
gen 29 (epoch 0): parent=init target=planner parent_avg=0.348 child_avg=0.357 ACCEPT | pop=7
# FINAL held-out test success=43.33 mean_reward=42.55 pop=7 ids=['init', 'g0-planner', 'g3-planner', 'g6-planner', 'g17-planner', 'g23-caller', 'g26-caller']
# deploy=single deployed_ids=['g26-caller']
